// Jest Snapshot v1, https://goo.gl/fbAQLP

exports[`renders correctly 1`] = `
Array [
  <style />,
  <div
    className="lds-ring"
  >
    <div />
    <div />
    <div />
    <div />
  </div>,
]
`;
